Load Map - Wed Apr 18 10:40:53 EDT 2012

Main class:       Capstone
Classes:          74
Interfaces:       8
Methods:          218
Constants:        135
Instance fields:  115
Static fields:    47
Static data size: 189
Code size:        11690
Start address:    10000
End address:      12da9

10110 10111 java.lang.Object.<init>()
10116 10129 java.lang.Object.getClass()
1012e 10142 java.lang.Object.clone()
10151 10175 java.lang.Object.toString()
1025c 1026d java.lang.Thread.run()
10272 10278 java.lang.Thread.setName(java.lang.String)
1027c 102a7 java.lang.Thread.sleep(long)
102ab 102b0 java.lang.Thread.<clinit>()
102be 102c4 java.lang.Thread.<init>()
102cd 102e5 java.lang.Thread.<init>(java.lang.Runnable)
102e9 10308 java.lang.Thread.<init>(java.lang.Runnable, java.lang.String)
10312 10342 java.lang.Thread.toString()
10347 1034c java.lang.Thread.getName()
103a6 103e5 com.ridgesoft.intellibrain.StartupThread.run()
10431 1043b java.lang.String.createString(byte[])
1043f 1044e java.lang.String.<init>(byte[], int)
10453 1045e java.lang.String.getBytes()
10462 10473 java.lang.String.<init>()
10477 1048c java.lang.String.<init>(byte[])
10491 10497 java.lang.String.length()
1049c 104be java.lang.String.getBytes(int, int, byte[], int)
104c2 104f2 java.lang.String.<init>(char[], int, int)
104f6 10520 java.lang.String.<init>(byte[], int, int)
10524 10529 java.lang.String.valueOf(java.lang.Object)
1052e 10530 java.lang.String.toString()
105c4 106c2 java.lang.Throwable.vmThrow(int)
106ce 106f3 java.lang.Throwable.<init>()
10700 107a5 java.lang.Throwable.printStackTrace()
107a9 107d0 java.lang.Throwable.<clinit>()
107d9 107e1 java.lang.Throwable.init()
107ed 1082f java.lang.Throwable.<init>(java.lang.String)
108d5 108df java.lang.InternalError.<init>()
108e3 108ee java.lang.InternalError.<init>(java.lang.String)
1091d 10927 java.lang.OutOfMemoryError.<init>()
1092b 10936 java.lang.OutOfMemoryError.<init>(java.lang.String)
10967 10971 java.lang.StackOverflowError.<init>()
10975 10980 java.lang.StackOverflowError.<init>(java.lang.String)
10f42 1117b Capstone.main(java.lang.String[])
11187 111c1 Capstone.joystick(int, int)
111cd 11208 Capstone.forward_go()
11214 1124f Capstone.backwards_go()
1125b 11293 Capstone.stop()
1129f 112d9 Capstone.turn_left()
112e5 11321 Capstone.turn_right()
1132d 1136d Capstone.dance()
11379 113aa Capstone.check_sonar()
113ae 113fc Capstone.check_IR()
11400 1146b Capstone.<clinit>()
1149f 114b5 java.io.OutputStream.write(byte[])
114bf 114c0 java.io.OutputStream.flush()
114c5 114e3 java.io.OutputStream.write(byte[], int, int)
1151e 11528 java.io.FilterOutputStream.<init>(java.io.OutputStream)
1152d 11536 java.io.FilterOutputStream.write(byte[])
1153b 11544 java.io.FilterOutputStream.write(int)
11549 11551 java.io.FilterOutputStream.flush()
11556 11561 java.io.FilterOutputStream.write(byte[], int, int)
11594 1159f java.io.PrintStream.<init>(java.io.OutputStream)
115a4 115ae java.io.PrintStream.println(java.lang.String)
115bb 115d2 java.io.PrintStream.print(java.lang.String)
115df 115f9 java.io.PrintStream.println()
11633 11642 com.ridgesoft.io.OutputStreamTee.<init>(java.io.OutputStream, java.io.OutputStream)
11656 1166f com.ridgesoft.io.OutputStreamTee.write(byte[])
11683 1169c com.ridgesoft.io.OutputStreamTee.write(int)
116b0 116c7 com.ridgesoft.io.OutputStreamTee.flush()
116db 116f8 com.ridgesoft.io.OutputStreamTee.write(byte[], int, int)
11747 117aa com.ridgesoft.io.DisplayOutputStream.<init>(com.ridgesoft.io.Display)
117af 117b8 com.ridgesoft.io.DisplayOutputStream.write(byte[])
117bc 117c9 com.ridgesoft.io.DisplayOutputStream.<clinit>()
117ce 1181b com.ridgesoft.io.DisplayOutputStream.write(int)
11820 1182c com.ridgesoft.io.DisplayOutputStream.write(byte[], int, int)
11830 118ae com.ridgesoft.io.DisplayOutputStream.scroll()
118b3 118df com.ridgesoft.io.DisplayOutputStream.flush()
11929 11972 com.ridgesoft.vm.DebugOutputStream.write(int)
11977 11980 com.ridgesoft.vm.DebugOutputStream.write(byte[])
11984 11989 com.ridgesoft.vm.DebugOutputStream.<clinit>()
11996 119b7 com.ridgesoft.vm.DebugOutputStream.flush()
119bc 119c8 com.ridgesoft.vm.DebugOutputStream.write(byte[], int, int)
11a15 11a1a com.ridgesoft.intellibrain.IntelliBrainCom1$Com1OutputStream.<init>(com.ridgesoft.intellibrain.IntelliBrainCom1$Com1OutputStream)
11a1f 11a2e com.ridgesoft.intellibrain.IntelliBrainCom1$Com1OutputStream.write(int)
11a3b 11a68 com.ridgesoft.intellibrain.IntelliBrainCom1$Com1OutputStream.write(byte[], int, int)
11a8b 11a8f com.ridgesoft.vm.VM.getDebugOutputStream()
11a9d 11aac com.ridgesoft.vm.VM.<clinit>()
11ac4 11ad3 com.ridgesoft.vm.VM.isSet(int, int)
11b25 11b3c com.ridgesoft.intellibrain.IntelliBrain.getOutputStream()
11b40 11b54 com.ridgesoft.intellibrain.IntelliBrain.getCom1()
11b58 11b6c com.ridgesoft.intellibrain.IntelliBrain.getLcdDisplay()
11b70 11b77 com.ridgesoft.intellibrain.IntelliBrain.<clinit>()
11b7b 11bbe com.ridgesoft.intellibrain.IntelliBrain.getServo(int)
11bc2 11bdc com.ridgesoft.intellibrain.IntelliBrain.getStartButton()
11be0 11bfa com.ridgesoft.intellibrain.IntelliBrain.getStopButton()
11bfe 11c73 com.ridgesoft.intellibrain.IntelliBrain.getAnalogInput(int)
11c77 11d0c com.ridgesoft.intellibrain.IntelliBrain.getDigitalIO(int)
11d18 11dbe com.ridgesoft.intellibrain.IntelliBrain.initialize()
11dc2 11e7d com.ridgesoft.intellibrain.IntelliBrain.getPinPortData(byte)
11eae 11eb3 java.lang.System.setOut(java.io.PrintStream)
11eb7 11ebc java.lang.System.setErr(java.io.PrintStream)
11f23 11f28 javax.comm.CommPort.toString()
11fa0 11fbe com.ridgesoft.intellibrain.IntelliBrainCom1.<init>()
11fc3 11ff4 com.ridgesoft.intellibrain.IntelliBrainCom1.setSerialPortParams(int, int, int, int)
11ff9 1200e com.ridgesoft.intellibrain.IntelliBrainCom1.getOutputStream()
12013 12028 com.ridgesoft.intellibrain.IntelliBrainCom1.getInputStream()
12069 1206b java.io.InputStream.available()
120b4 120b9 com.ridgesoft.intellibrain.IntelliBrainCom1$Com1InputStream.<init>(com.ridgesoft.intellibrain.IntelliBrainCom1$Com1InputStream)
120be 120c2 com.ridgesoft.intellibrain.IntelliBrainCom1$Com1InputStream.available()
120c7 120e0 com.ridgesoft.intellibrain.IntelliBrainCom1$Com1InputStream.read()
120ed 1211a com.ridgesoft.intellibrain.IntelliBrainCom1$Com1InputStream.read(byte[], int, int)
12150 1215a com.ridgesoft.io.Display.print(int, java.lang.String)
1215f 12193 com.ridgesoft.io.Display.print(int, byte[])
12198 1219d com.ridgesoft.io.Display.getWidth()
121a2 121a7 com.ridgesoft.io.Display.getHeight()
121b0 121c1 com.ridgesoft.io.Display.<init>(int, int)
121f6 121fe com.ridgesoft.intellibrain.IntelliBrainDisplay.<init>()
12203 1220a com.ridgesoft.intellibrain.IntelliBrainDisplay.printChar(int, int, byte)
12235 1223a java.lang.Class.getName()
1223e 12248 java.lang.Class.<init>(java.lang.String)
122b0 122cb java.lang.StringBuilder.<init>(java.lang.String)
122d0 122f9 java.lang.StringBuilder.append(java.lang.String)
122fe 1230f java.lang.StringBuilder.toString()
12314 1234d java.lang.StringBuilder.ensureCapacity(int)
12352 123ad java.lang.StringBuilder.append(int)
123b2 123df java.lang.StringBuilder.append(char[], int, int)
123e3 123f5 java.lang.StringBuilder.<init>()
123fa 1240c java.lang.StringBuilder.append(boolean)
12433 12477 java.lang.Integer.toHexString(int)
1247c 12484 java.lang.Integer.toString()
12488 12497 java.lang.Integer.toString(int)
12501 12511 java.util.Random.<init>()
12516 1251d java.util.Random.nextInt()
12522 12541 java.util.Random.next(int)
125f7 12617 com.ridgesoft.robotics.sensors.SharpGP2D12.<init>(com.ridgesoft.robotics.AnalogInput, com.ridgesoft.robotics.DigitalOutput)
12624 12665 com.ridgesoft.robotics.sensors.SharpGP2D12.ping()
1266a 1267d com.ridgesoft.robotics.sensors.SharpGP2D12.getDistanceInches()
12682 126ad com.ridgesoft.robotics.sensors.SharpGP2D12.getDistanceCm()
126fd 1270f com.ridgesoft.robotics.SonarRangeFinder.getDistanceInches()
1274b 1275f com.ridgesoft.robotics.sensors.ParallaxPing.<init>(com.ridgesoft.robotics.PulseInput)
12764 12773 com.ridgesoft.robotics.sensors.ParallaxPing.ping()
12778 12793 com.ridgesoft.robotics.sensors.ParallaxPing.getEchoDelay()
127cf 127da com.ridgesoft.intellibrain.IntelliBrainServo.<init>(int)
127df 127e8 com.ridgesoft.intellibrain.IntelliBrainServo.setPosition(int)
127ed 127f6 com.ridgesoft.intellibrain.IntelliBrainServo.off()
1285f 1286e com.ridgesoft.intellibrain.IntelliBrainPinPort.<init>(com.ridgesoft.intellibrain.IntelliBrainPinPortData)
12873 128a4 com.ridgesoft.intellibrain.IntelliBrainPinPort.setPullUp(boolean)
128da 128e5 com.ridgesoft.intellibrain.IntelliBrainButtonLed.<init>(com.ridgesoft.intellibrain.IntelliBrainPinPortData, byte)
1292f 12936 com.ridgesoft.intellibrain.IntelliBrainAnalogInput.<clinit>()
1293b 1293f com.ridgesoft.intellibrain.IntelliBrainAnalogInput.getMaximum()
12944 1294c com.ridgesoft.intellibrain.IntelliBrainAnalogInput.toString()
12951 1295c com.ridgesoft.intellibrain.IntelliBrainAnalogInput.sample()
12960 12969 com.ridgesoft.intellibrain.IntelliBrainAnalogInput.enableAToD()
1296d 12991 com.ridgesoft.intellibrain.IntelliBrainAnalogInput.sample(byte)
129de 129f3 com.ridgesoft.intellibrain.IntelliBrainExpAnalogInput.<init>(com.ridgesoft.intellibrain.IntelliBrainPinPortData, byte, boolean)
129f8 129fd com.ridgesoft.intellibrain.IntelliBrainExpAnalogInput.sample()
12a01 12a22 com.ridgesoft.intellibrain.IntelliBrainExpAnalogInput.expansionSample(com.ridgesoft.intellibrain.IntelliBrainExpAnalogInput)
12a2b 12a31 com.ridgesoft.intellibrain.IntelliBrainExpAnalogInput.setMuxPortPullUp(boolean)
12a36 12a4f com.ridgesoft.intellibrain.IntelliBrainExpAnalogInput.setPullUp(boolean)
12ad6 12ae6 com.ridgesoft.intellibrain.IntelliBrainDigitalIO.<init>(com.ridgesoft.intellibrain.IntelliBrainPinPortData, boolean)
12aeb 12b24 com.ridgesoft.intellibrain.IntelliBrainDigitalIO.enablePulseMeasurement(boolean)
12b29 12b31 com.ridgesoft.intellibrain.IntelliBrainDigitalIO.toString()
12b36 12b4f com.ridgesoft.intellibrain.IntelliBrainDigitalIO.set()
12b54 12b6d com.ridgesoft.intellibrain.IntelliBrainDigitalIO.clear()
12b77 12ba2 com.ridgesoft.intellibrain.IntelliBrainDigitalIO.isSet()
12ba7 12bd2 com.ridgesoft.intellibrain.IntelliBrainDigitalIO.pulse(int)
12bdc 12bf1 com.ridgesoft.intellibrain.IntelliBrainDigitalIO.readPulseDuration()
12c36 12c42 com.ridgesoft.intellibrain.IntelliBrainExpDigitalIO.<init>(com.ridgesoft.intellibrain.IntelliBrainPinPortData)
12c47 12c54 com.ridgesoft.intellibrain.IntelliBrainExpDigitalIO.setPullUp(boolean)
12d47 12d67 com.ridgesoft.intellibrain.IntelliBrainPinPortData.<init>(byte, short, short, short, byte)
12d8e 12d9d java.lang.Boolean.toString(boolean)
12da2 12daa java.lang.Boolean.toString()
